Archive member included to satisfy reference by file (symbol)

C:/ST/STM32CubeIDE_1.14.0/STM32CubeIDE/plugins/com.st.stm32cube.ide.mcu.externaltools.gnu-tools-for-stm32.11.3.rel1.win32_1.1.100.202309141235/tools/bin/../lib/gcc/arm-none-eabi/11.3.1/../../../../arm-none-eabi/lib/thumb/v7e-m+fp/hard\libc_nano.a(libc_a-exit.o)
                              C:/ST/STM32CubeIDE_1.14.0/STM32CubeIDE/plugins/com.st.stm32cube.ide.mcu.externaltools.gnu-tools-for-stm32.11.3.rel1.win32_1.1.100.202309141235/tools/bin/../lib/gcc/arm-none-eabi/11.3.1/../../../../arm-none-eabi/lib/thumb/v7e-m+fp/hard/crt0.o (exit)
C:/ST/STM32CubeIDE_1.14.0/STM32CubeIDE/plugins/com.st.stm32cube.ide.mcu.externaltools.gnu-tools-for-stm32.11.3.rel1.win32_1.1.100.202309141235/tools/bin/../lib/gcc/arm-none-eabi/11.3.1/../../../../arm-none-eabi/lib/thumb/v7e-m+fp/hard\libc_nano.a(libc_a-findfp.o)
                              C:/ST/STM32CubeIDE_1.14.0/STM32CubeIDE/plugins/com.st.stm32cube.ide.mcu.externaltools.gnu-tools-for-stm32.11.3.rel1.win32_1.1.100.202309141235/tools/bin/../lib/gcc/arm-none-eabi/11.3.1/../../../../arm-none-eabi/lib/thumb/v7e-m+fp/hard\libc_nano.a(libc_a-exit.o) (__stdio_exit_handler)
C:/ST/STM32CubeIDE_1.14.0/STM32CubeIDE/plugins/com.st.stm32cube.ide.mcu.externaltools.gnu-tools-for-stm32.11.3.rel1.win32_1.1.100.202309141235/tools/bin/../lib/gcc/arm-none-eabi/11.3.1/../../../../arm-none-eabi/lib/thumb/v7e-m+fp/hard\libc_nano.a(libc_a-fwalk.o)
                              C:/ST/STM32CubeIDE_1.14.0/STM32CubeIDE/plugins/com.st.stm32cube.ide.mcu.externaltools.gnu-tools-for-stm32.11.3.rel1.win32_1.1.100.202309141235/tools/bin/../lib/gcc/arm-none-eabi/11.3.1/../../../../arm-none-eabi/lib/thumb/v7e-m+fp/hard\libc_nano.a(libc_a-findfp.o) (_fwalk_sglue)
C:/ST/STM32CubeIDE_1.14.0/STM32CubeIDE/plugins/com.st.stm32cube.ide.mcu.externaltools.gnu-tools-for-stm32.11.3.rel1.win32_1.1.100.202309141235/tools/bin/../lib/gcc/arm-none-eabi/11.3.1/../../../../arm-none-eabi/lib/thumb/v7e-m+fp/hard\libc_nano.a(libc_a-stdio.o)
                              C:/ST/STM32CubeIDE_1.14.0/STM32CubeIDE/plugins/com.st.stm32cube.ide.mcu.externaltools.gnu-tools-for-stm32.11.3.rel1.win32_1.1.100.202309141235/tools/bin/../lib/gcc/arm-none-eabi/11.3.1/../../../../arm-none-eabi/lib/thumb/v7e-m+fp/hard\libc_nano.a(libc_a-findfp.o) (__sread)
C:/ST/STM32CubeIDE_1.14.0/STM32CubeIDE/plugins/com.st.stm32cube.ide.mcu.externaltools.gnu-tools-for-stm32.11.3.rel1.win32_1.1.100.202309141235/tools/bin/../lib/gcc/arm-none-eabi/11.3.1/../../../../arm-none-eabi/lib/thumb/v7e-m+fp/hard\libc_nano.a(libc_a-memset.o)
                              C:/ST/STM32CubeIDE_1.14.0/STM32CubeIDE/plugins/com.st.stm32cube.ide.mcu.externaltools.gnu-tools-for-stm32.11.3.rel1.win32_1.1.100.202309141235/tools/bin/../lib/gcc/arm-none-eabi/11.3.1/../../../../arm-none-eabi/lib/thumb/v7e-m+fp/hard/crt0.o (memset)
C:/ST/STM32CubeIDE_1.14.0/STM32CubeIDE/plugins/com.st.stm32cube.ide.mcu.externaltools.gnu-tools-for-stm32.11.3.rel1.win32_1.1.100.202309141235/tools/bin/../lib/gcc/arm-none-eabi/11.3.1/../../../../arm-none-eabi/lib/thumb/v7e-m+fp/hard\libc_nano.a(libc_a-closer.o)
                              C:/ST/STM32CubeIDE_1.14.0/STM32CubeIDE/plugins/com.st.stm32cube.ide.mcu.externaltools.gnu-tools-for-stm32.11.3.rel1.win32_1.1.100.202309141235/tools/bin/../lib/gcc/arm-none-eabi/11.3.1/../../../../arm-none-eabi/lib/thumb/v7e-m+fp/hard\libc_nano.a(libc_a-stdio.o) (_close_r)
C:/ST/STM32CubeIDE_1.14.0/STM32CubeIDE/plugins/com.st.stm32cube.ide.mcu.externaltools.gnu-tools-for-stm32.11.3.rel1.win32_1.1.100.202309141235/tools/bin/../lib/gcc/arm-none-eabi/11.3.1/../../../../arm-none-eabi/lib/thumb/v7e-m+fp/hard\libc_nano.a(libc_a-reent.o)
                              C:/ST/STM32CubeIDE_1.14.0/STM32CubeIDE/plugins/com.st.stm32cube.ide.mcu.externaltools.gnu-tools-for-stm32.11.3.rel1.win32_1.1.100.202309141235/tools/bin/../lib/gcc/arm-none-eabi/11.3.1/../../../../arm-none-eabi/lib/thumb/v7e-m+fp/hard\libc_nano.a(libc_a-closer.o) (errno)
C:/ST/STM32CubeIDE_1.14.0/STM32CubeIDE/plugins/com.st.stm32cube.ide.mcu.externaltools.gnu-tools-for-stm32.11.3.rel1.win32_1.1.100.202309141235/tools/bin/../lib/gcc/arm-none-eabi/11.3.1/../../../../arm-none-eabi/lib/thumb/v7e-m+fp/hard\libc_nano.a(libc_a-impure.o)
                              C:/ST/STM32CubeIDE_1.14.0/STM32CubeIDE/plugins/com.st.stm32cube.ide.mcu.externaltools.gnu-tools-for-stm32.11.3.rel1.win32_1.1.100.202309141235/tools/bin/../lib/gcc/arm-none-eabi/11.3.1/../../../../arm-none-eabi/lib/thumb/v7e-m+fp/hard\libc_nano.a(libc_a-reent.o) (_impure_ptr)
C:/ST/STM32CubeIDE_1.14.0/STM32CubeIDE/plugins/com.st.stm32cube.ide.mcu.externaltools.gnu-tools-for-stm32.11.3.rel1.win32_1.1.100.202309141235/tools/bin/../lib/gcc/arm-none-eabi/11.3.1/../../../../arm-none-eabi/lib/thumb/v7e-m+fp/hard\libc_nano.a(libc_a-lseekr.o)
[...]
Memory Configuration

Name             Origin             Length             Attributes
CCMRAM           0x0000000010000000 0x0000000000010000 xrw
RAM              0x0000000020000000 0x0000000000020000 xrw
FLASH            0x0000000008000000 0x0000000000100000 xr
*default*        0x0000000000000000 0xffffffffffffffff

Linker script and memory map

LOAD C:/ST/STM32CubeIDE_1.14.0/STM32CubeIDE/plugins/com.st.stm32cube.ide.mcu.externaltools.gnu-tools-for-stm32.11.3.rel1.win32_1.1.100.202309141235/tools/bin/../lib/gcc/arm-none-eabi/11.3.1/thumb/v7e-m+fp/hard/crti.o
LOAD C:/ST/STM32CubeIDE_1.14.0/STM32CubeIDE/plugins/com.st.stm32cube.ide.mcu.externaltools.gnu-tools-for-stm32.11.3.rel1.win32_1.1.100.202309141235/tools/bin/../lib/gcc/arm-none-eabi/11.3.1/thumb/v7e-m+fp/hard/crtbegin.o
LOAD C:/ST/STM32CubeIDE_1.14.0/STM32CubeIDE/plugins/com.st.stm32cube.ide.mcu.externaltools.gnu-tools-for-stm32.11.3.rel1.win32_1.1.100.202309141235/tools/bin/../lib/gcc/arm-none-eabi/11.3.1/../../../../arm-none-eabi/lib/thumb/v7e-m+fp/hard/crt0.o
LOAD ./Core/Src/MCP23008.o
LOAD ./Core/Src/MCP3008.o
LOAD ./Core/Src/main.o
LOAD ./Core/Src/stm32f4xx_hal_msp.o
LOAD ./Core/Src/stm32f4xx_it.o
LOAD ./Core/Src/syscalls.o
LOAD ./Core/Src/sysmem.o
LOAD ./Core/Src/system_stm32f4xx.o
LOAD ./Core/Startup/startup_stm32f407vgtx.o
LOAD ./Drivers/STM32F4xx_HAL_Driver/Src/stm32f4xx_hal.o
LOAD ./Drivers/STM32F4xx_HAL_Driver/Src/stm32f4xx_hal_can.o
LOAD ./Drivers/STM32F4xx_HAL_Driver/Src/stm32f4xx_hal_cortex.o
LOAD ./Drivers/STM32F4xx_HAL_Driver/Src/stm32f4xx_hal_dac.o
LOAD ./Drivers/STM32F4xx_HAL_Driver/Src/stm32f4xx_hal_dac_ex.o
LOAD ./Drivers/STM32F4xx_HAL_Driver/Src/stm32f4xx_hal_dma.o
LOAD ./Drivers/STM32F4xx_HAL_Driver/Src/stm32f4xx_hal_dma_ex.o
LOAD ./Drivers/STM32F4xx_HAL_Driver/Src/stm32f4xx_hal_exti.o
LOAD ./Drivers/STM32F4xx_HAL_Driver/Src/stm32f4xx_hal_flash.o
LOAD ./Drivers/STM32F4xx_HAL_Driver/Src/stm32f4xx_hal_flash_ex.o
LOAD ./Drivers/STM32F4xx_HAL_Driver/Src/stm32f4xx_hal_flash_ramfunc.o
LOAD ./Drivers/STM32F4xx_HAL_Driver/Src/stm32f4xx_hal_gpio.o
LOAD ./Drivers/STM32F4xx_HAL_Driver/Src/stm32f4xx_hal_i2c.o
LOAD ./Drivers/STM32F4xx_HAL_Driver/Src/stm32f4xx_hal_i2c_ex.o
LOAD ./Drivers/STM32F4xx_HAL_Driver/Src/stm32f4xx_hal_pwr.o
LOAD ./Drivers/STM32F4xx_HAL_Driver/Src/stm32f4xx_hal_pwr_ex.o
LOAD ./Drivers/STM32F4xx_HAL_Driver/Src/stm32f4xx_hal_rcc.o
LOAD ./Drivers/STM32F4xx_HAL_Driver/Src/stm32f4xx_hal_rcc_ex.o
LOAD ./Drivers/STM32F4xx_HAL_Driver/Src/stm32f4xx_hal_spi.o
LOAD ./Drivers/STM32F4xx_HAL_Driver/Src/stm32f4xx_hal_tim.o
LOAD ./Drivers/STM32F4xx_HAL_Driver/Src/stm32f4xx_hal_tim_ex.o
START GROUP
LOAD C:/ST/STM32CubeIDE_1.14.0/STM32CubeIDE/plugins/com.st.stm32cube.ide.mcu.externaltools.gnu-tools-for-stm32.11.3.rel1.win32_1.1.100.202309141235/tools/bin/../lib/gcc/arm-none-eabi/11.3.1/../../../../arm-none-eabi/lib/thumb/v7e-m+fp/hard\libc_nano.a
LOAD C:/ST/STM32CubeIDE_1.14.0/STM32CubeIDE/plugins/com.st.stm32cube.ide.mcu.externaltools.gnu-tools-for-stm32.11.3.rel1.win32_1.1.100.202309141235/tools/bin/../lib/gcc/arm-none-eabi/11.3.1/../../../../arm-none-eabi/lib/thumb/v7e-m+fp/hard\libm.a
END GROUP
START GROUP
LOAD C:/ST/STM32CubeIDE_1.14.0/STM32CubeIDE/plugins/com.st.stm32cube.ide.mcu.externaltools.gnu-tools-for-stm32.11.3.rel1.win32_1.1.100.202309141235/tools/bin/../lib/gcc/arm-none-eabi/11.3.1/thumb/v7e-m+fp/hard\libgcc.a
LOAD C:/ST/STM32CubeIDE_1.14.0/STM32CubeIDE/plugins/com.st.stm32cube.ide.mcu.externaltools.gnu-tools-for-stm32.11.3.rel1.win32_1.1.100.202309141235/tools/bin/../lib/gcc/arm-none-eabi/11.3.1/../../../../arm-none-eabi/lib/thumb/v7e-m+fp/hard\libc_nano.a
END GROUP
START GROUP
LOAD C:/ST/STM32CubeIDE_1.14.0/STM32CubeIDE/plugins/com.st.stm32cube.ide.mcu.externaltools.gnu-tools-for-stm32.11.3.rel1.win32_1.1.100.202309141235/tools/bin/../lib/gcc/arm-none-eabi/11.3.1/thumb/v7e-m+fp/hard\libgcc.a
LOAD C:/ST/STM32CubeIDE_1.14.0/STM32CubeIDE/plugins/com.st.stm32cube.ide.mcu.externaltools.gnu-tools-for-stm32.11.3.rel1.win32_1.1.100.202309141235/tools/bin/../lib/gcc/arm-none-eabi/11.3.1/../../../../arm-none-eabi/lib/thumb/v7e-m+fp/hard\libc_nano.a
LOAD C:/ST/STM32CubeIDE_1.14.0/STM32CubeIDE/plugins/com.st.stm32cube.ide.mcu.externaltools.gnu-tools-for-stm32.11.3.rel1.win32_1.1.100.202309141235/tools/bin/../lib/gcc/arm-none-eabi/11.3.1/../../../../arm-none-eabi/lib/thumb/v7e-m+fp/hard\libnosys.a
END GROUP
START GROUP
LOAD C:/ST/STM32CubeIDE_1.14.0/STM32CubeIDE/plugins/com.st.stm32cube.ide.mcu.externaltools.gnu-tools-for-stm32.11.3.rel1.win32_1.1.100.202309141235/tools/bin/../lib/gcc/arm-none-eabi/11.3.1/thumb/v7e-m+fp/hard\libgcc.a
LOAD C:/ST/STM32CubeIDE_1.14.0/STM32CubeIDE/plugins/com.st.stm32cube.ide.mcu.externaltools.gnu-tools-for-stm32.11.3.rel1.win32_1.1.100.202309141235/tools/bin/../lib/gcc/arm-none-eabi/11.3.1/../../../../arm-none-eabi/lib/thumb/v7e-m+fp/hard\libc_nano.a
LOAD C:/ST/STM32CubeIDE_1.14.0/STM32CubeIDE/plugins/com.st.stm32cube.ide.mcu.externaltools.gnu-tools-for-stm32.11.3.rel1.win32_1.1.100.202309141235/tools/bin/../lib/gcc/arm-none-eabi/11.3.1/../../../../arm-none-eabi/lib/thumb/v7e-m+fp/hard\libnosys.a
END GROUP
LOAD C:/ST/STM32CubeIDE_1.14.0/STM32CubeIDE/plugins/com.st.stm32cube.ide.mcu.externaltools.gnu-tools-for-stm32.11.3.rel1.win32_1.1.100.202309141235/tools/bin/../lib/gcc/arm-none-eabi/11.3.1/thumb/v7e-m+fp/hard/crtend.o
LOAD C:/ST/STM32CubeIDE_1.14.0/STM32CubeIDE/plugins/com.st.stm32cube.ide.mcu.externaltools.gnu-tools-for-stm32.11.3.rel1.win32_1.1.100.202309141235/tools/bin/../lib/gcc/arm-none-eabi/11.3.1/thumb/v7e-m+fp/hard/crtn.o
                0x0000000020020000                _estack = (ORIGIN (RAM) + LENGTH (RAM))
                0x0000000000000200                _Min_Heap_Size = 0x200
                0x0000000000000400                _Min_Stack_Size = 0x400

.isr_vector     0x0000000008000000      0x188
                0x0000000008000000                . = ALIGN (0x4)
 *(.isr_vector)
 .isr_vector    0x0000000008000000      0x188 ./Core/Startup/startup_stm32f407vgtx.o
                0x0000000008000000                g_pfnVectors
                0x0000000008000188                . = ALIGN (0x4)

.text           0x0000000008000188     0x35b0
                0x0000000008000188                . = ALIGN (0x4)
 *(.text)
 .text          0x0000000008000188       0x40 C:/ST/STM32CubeIDE_1.14.0/STM32CubeIDE/plugins/com.st.stm32cube.ide.mcu.externaltools.gnu-tools-for-stm32.11.3.rel1.win32_1.1.100.202309141235/tools/bin/../lib/gcc/arm-none-eabi/11.3.1/thumb/v7e-m+fp/hard/crtbegin.o
 .text          0x00000000080001c8       0x30 C:/ST/STM32CubeIDE_1.14.0/STM32CubeIDE/plugins/com.st.stm32cube.ide.mcu.externaltools.gnu-tools-for-stm32.11.3.rel1.win32_1.1.100.202309141235/tools/bin/../lib/gcc/arm-none-eabi/11.3.1/thumb/v7e-m+fp/hard\libgcc.a(_aeabi_uldivmod.o)
                0x00000000080001c8                __aeabi_uldivmod
 .text          0x00000000080001f8      0x2c8 C:/ST/STM32CubeIDE_1.14.0/STM32CubeIDE/plugins/com.st.stm32cube.ide.mcu.externaltools.gnu-tools-for-stm32.11.3.rel1.win32_1.1.100.202309141235/tools/bin/../lib/gcc/arm-none-eabi/11.3.1/thumb/v7e-m+fp/hard\libgcc.a(_udivmoddi4.o)
                0x00000000080001f8                __udivmoddi4
 .text          0x00000000080004c0        0x4 C:/ST/STM32CubeIDE_1.14.0/STM32CubeIDE/plugins/com.st.stm32cube.ide.mcu.externaltools.gnu-tools-for-stm32.11.3.rel1.win32_1.1.100.202309141235/tools/bin/../lib/gcc/arm-none-eabi/11.3.1/thumb/v7e-m+fp/hard\libgcc.a(_dvmd_tls.o)
                0x00000000080004c0                __aeabi_idiv0
                0x00000000080004c0                __aeabi_ldiv0
 *(.text*)
 .text.MCP23008_Setup
                0x00000000080004c4       0x86 ./Core/Src/MCP23008.o
                0x00000000080004c4                MCP23008_Setup
 .text.MCP23008_WritePort
                0x000000000800054a       0x48 ./Core/Src/MCP23008.o
                0x000000000800054a                MCP23008_WritePort
 *fill*         0x0000000008000592        0x2 
 .text.main     0x0000000008000594       0x6c ./Core/Src/main.o
                0x0000000008000594                main
 .text.SystemClock_Config
                0x0000000008000600       0xd4 ./Core/Src/main.o
                0x0000000008000600                SystemClock_Config
 .text.MX_CAN1_Init
                0x00000000080006d4       0x68 ./Core/Src/main.o
 .text.MX_DAC_Init
                0x000000000800073c       0x68 ./Core/Src/main.o
 .text.MX_I2C1_Init
                0x00000000080007a4       0x5c ./Core/Src/main.o
 .text.MX_SPI3_Init
                0x0000000008000800       0x94 ./Core/Src/main.o
 .text.MX_TIM6_Init
                0x0000000008000894       0x7c ./Core/Src/main.o
 .text.MX_GPIO_Init
                0x0000000008000910      0x16c ./Core/Src/main.o
 .text.TO54_IOEXPANDERS_Init
                0x0000000008000a7c      0x12c ./Core/Src/main.o
                0x0000000008000a7c                TO54_IOEXPANDERS_Init
 .text.HAL_TIM_PeriodElapsedCallback
                0x0000000008000ba8       0x3c ./Core/Src/main.o
                0x0000000008000ba8                HAL_TIM_PeriodElapsedCallback
 .text.Error_Handler
                0x0000000008000be4        0xa ./Core/Src/main.o
                0x0000000008000be4                Error_Handler
 *fill*         0x0000000008000bee        0x2 
 .text.HAL_MspInit
                0x0000000008000bf0       0x50 ./Core/Src/stm32f4xx_hal_msp.o
                0x0000000008000bf0                HAL_MspInit
 .text.HAL_CAN_MspInit
                0x0000000008000c40       0x90 ./Core/Src/stm32f4xx_hal_msp.o
                0x0000000008000c40                HAL_CAN_MspInit
 .text.HAL_DAC_MspInit
                0x0000000008000cd0       0x98 ./Core/Src/stm32f4xx_hal_msp.o
                0x0000000008000cd0                HAL_DAC_MspInit
 .text.HAL_I2C_MspInit
                0x0000000008000d68       0x90 ./Core/Src/stm32f4xx_hal_msp.o
                0x0000000008000d68                HAL_I2C_MspInit
 .text.HAL_SPI_MspInit
                0x0000000008000df8       0x90 ./Core/Src/stm32f4xx_hal_msp.o
                0x0000000008000df8                HAL_SPI_MspInit
 .text.HAL_TIM_Base_MspInit
                0x0000000008000e88       0x50 ./Core/Src/stm32f4xx_hal_msp.o
                0x0000000008000e88                HAL_TIM_Base_MspInit
 .text.NMI_Handler
                0x0000000008000ed8        0x6 ./Core/Src/stm32f4xx_it.o
                0x0000000008000ed8                NMI_Handler
 .text.HardFault_Handler
                0x0000000008000ede        0x6 ./Core/Src/stm32f4xx_it.o
                0x0000000008000ede                HardFault_Handler
 .text.MemManage_Handler
                0x0000000008000ee4        0x6 ./Core/Src/stm32f4xx_it.o
                0x0000000008000ee4                MemManage_Handler
 .text.BusFault_Handler
                0x0000000008000eea        0x6 ./Core/Src/stm32f4xx_it.o
                0x0000000008000eea                BusFault_Handler
 .text.UsageFault_Handler
                0x0000000008000ef0        0x6 ./Core/Src/stm32f4xx_it.o
                0x0000000008000ef0                UsageFault_Handler
 .text.SVC_Handler
                0x0000000008000ef6        0xe ./Core/Src/stm32f4xx_it.o
                0x0000000008000ef6                SVC_Handler
 .text.DebugMon_Handler
                0x0000000008000f04        0xe ./Core/Src/stm32f4xx_it.o
                0x0000000008000f04                DebugMon_Handler
 .text.PendSV_Handler
                0x0000000008000f12        0xe ./Core/Src/stm32f4xx_it.o
                0x0000000008000f12                PendSV_Handler
 .text.SysTick_Handler
                0x0000000008000f20        0xc ./Core/Src/stm32f4xx_it.o
                0x0000000008000f20                SysTick_Handler
 .text.TIM6_DAC_IRQHandler
                0x0000000008000f2c       0x1c ./Core/Src/stm32f4xx_it.o
                0x0000000008000f2c                TIM6_DAC_IRQHandler
 .text.SystemInit
                0x0000000008000f48       0x24 ./Core/Src/system_stm32f4xx.o
                0x0000000008000f48                SystemInit
 .text.Reset_Handler
                0x0000000008000f6c       0x50 ./Core/Startup/startup_stm32f407vgtx.o
                0x0000000008000f6c                Reset_Handler
 .text.Default_Handler
                0x0000000008000fbc        0x2 ./Core/Startup/startup_stm32f407vgtx.o
                0x0000000008000fbc                RTC_Alarm_IRQHandler
                0x0000000008000fbc                HASH_RNG_IRQHandler
                0x0000000008000fbc                EXTI2_IRQHandler
                0x0000000008000fbc                TIM8_CC_IRQHandler
                0x0000000008000fbc                TIM1_CC_IRQHandler
                0x0000000008000fbc                DMA2_Stream5_IRQHandler
                0x0000000008000fbc                DMA1_Stream5_IRQHandler
                0x0000000008000fbc                PVD_IRQHandler
                0x0000000008000fbc                SDIO_IRQHandler
                0x0000000008000fbc                TAMP_STAMP_IRQHandler
                0x0000000008000fbc                CAN2_RX1_IRQHandler
                0x0000000008000fbc                EXTI3_IRQHandler
                0x0000000008000fbc                TIM8_TRG_COM_TIM14_IRQHandler
                0x0000000008000fbc                TIM1_UP_TIM10_IRQHandler
                0x0000000008000fbc                TIM8_UP_TIM13_IRQHandler
                0x0000000008000fbc                I2C3_ER_IRQHandler
                0x0000000008000fbc                EXTI0_IRQHandler
                0x0000000008000fbc                I2C2_EV_IRQHandler
                0x0000000008000fbc                DMA1_Stream2_IRQHandler
                0x0000000008000fbc                CAN1_RX0_IRQHandler
                0x0000000008000fbc                FPU_IRQHandler
                0x0000000008000fbc                OTG_HS_WKUP_IRQHandler
                0x0000000008000fbc                CAN2_SCE_IRQHandler
                0x0000000008000fbc                DMA2_Stream2_IRQHandler
                0x0000000008000fbc                SPI1_IRQHandler
                0x0000000008000fbc                TIM1_BRK_TIM9_IRQHandler
                0x0000000008000fbc                DCMI_IRQHandler
                0x0000000008000fbc                CAN2_RX0_IRQHandler
                0x0000000008000fbc                DMA2_Stream3_IRQHandler
                0x0000000008000fbc                USART6_IRQHandler
                0x0000000008000fbc                USART3_IRQHandler
                0x0000000008000fbc                CAN1_RX1_IRQHandler
                0x0000000008000fbc                UART5_IRQHandler
                0x0000000008000fbc                DMA2_Stream0_IRQHandler
                0x0000000008000fbc                TIM4_IRQHandler
                0x0000000008000fbc                I2C1_EV_IRQHandler
                0x0000000008000fbc                DMA1_Stream6_IRQHandler
                0x0000000008000fbc                DMA1_Stream1_IRQHandler
                0x0000000008000fbc                UART4_IRQHandler
                0x0000000008000fbc                TIM3_IRQHandler
                0x0000000008000fbc                RCC_IRQHandler
                0x0000000008000fbc                TIM8_BRK_TIM12_IRQHandler
                0x0000000008000fbc                Default_Handler
                0x0000000008000fbc                EXTI15_10_IRQHandler
                0x0000000008000fbc                ADC_IRQHandler
                0x0000000008000fbc                DMA1_Stream7_IRQHandler
                0x0000000008000fbc                TIM7_IRQHandler
                0x0000000008000fbc                CAN2_TX_IRQHandler
                0x0000000008000fbc                TIM5_IRQHandler
                0x0000000008000fbc                DMA2_Stream7_IRQHandler
                0x0000000008000fbc                I2C3_EV_IRQHandler
                0x0000000008000fbc                EXTI9_5_IRQHandler
                0x0000000008000fbc                RTC_WKUP_IRQHandler
                0x0000000008000fbc                ETH_WKUP_IRQHandler
                0x0000000008000fbc                SPI2_IRQHandler
                0x0000000008000fbc                OTG_HS_EP1_IN_IRQHandler
                0x0000000008000fbc                DMA1_Stream0_IRQHandler
                0x0000000008000fbc                CAN1_TX_IRQHandler
                0x0000000008000fbc                EXTI4_IRQHandler
                0x0000000008000fbc                FSMC_IRQHandler
                0x0000000008000fbc                ETH_IRQHandler
                0x0000000008000fbc                OTG_HS_EP1_OUT_IRQHandler
                0x0000000008000fbc                WWDG_IRQHandler
                0x0000000008000fbc                TIM2_IRQHandler
                0x0000000008000fbc                OTG_FS_WKUP_IRQHandler
                0x0000000008000fbc                TIM1_TRG_COM_TIM11_IRQHandler
                0x0000000008000fbc                OTG_HS_IRQHandler
                0x0000000008000fbc                EXTI1_IRQHandler
                0x0000000008000fbc                USART2_IRQHandler
                0x0000000008000fbc                I2C2_ER_IRQHandler
                0x0000000008000fbc                DMA2_Stream1_IRQHandler
                0x0000000008000fbc                CAN1_SCE_IRQHandler
                0x0000000008000fbc                FLASH_IRQHandler
                0x0000000008000fbc                DMA2_Stream4_IRQHandler
                0x0000000008000fbc                USART1_IRQHandler
                0x0000000008000fbc                OTG_FS_IRQHandler
                0x0000000008000fbc                SPI3_IRQHandler
                0x0000000008000fbc                DMA1_Stream4_IRQHandler
                0x0000000008000fbc                I2C1_ER_IRQHandler
                0x0000000008000fbc                DMA2_Stream6_IRQHandler
                0x0000000008000fbc                DMA1_Stream3_IRQHandler
 *fill*         0x0000000008000fbe        0x2 
 .text.HAL_Init
                0x0000000008000fc0       0x44 ./Drivers/STM32F4xx_HAL_Driver/Src/stm32f4xx_hal.o
                0x0000000008000fc0                HAL_Init
 .text.HAL_InitTick
                0x0000000008001004       0x60 ./Drivers/STM32F4xx_HAL_Driver/Src/stm32f4xx_hal.o
                0x0000000008001004                HAL_InitTick
 .text.HAL_IncTick
                0x0000000008001064       0x28 ./Drivers/STM32F4xx_HAL_Driver/Src/stm32f4xx_hal.o
                0x0000000008001064                HAL_IncTick
 .text.HAL_GetTick
                0x000000000800108c       0x18 ./Drivers/STM32F4xx_HAL_Driver/Src/stm32f4xx_hal.o
                0x000000000800108c                HAL_GetTick
 .text.HAL_Delay
                0x00000000080010a4       0x48 ./Drivers/STM32F4xx_HAL_Driver/Src/stm32f4xx_hal.o
                0x00000000080010a4                HAL_Delay
 .text.HAL_CAN_Init
                0x00000000080010ec      0x1f6 ./Drivers/STM32F4xx_HAL_Driver/Src/stm32f4xx_hal_can.o
                0x00000000080010ec                HAL_CAN_Init
 *fill*         0x00000000080012e2        0x2 
 .text.__NVIC_SetPriorityGrouping
                0x00000000080012e4       0x48 ./Drivers/STM32F4xx_HAL_Driver/Src/stm32f4xx_hal_cortex.o
 .text.__NVIC_GetPriorityGrouping
                0x000000000800132c       0x1c ./Drivers/STM32F4xx_HAL_Driver/Src/stm32f4xx_hal_cortex.o
 .text.__NVIC_EnableIRQ
                0x0000000008001348       0x3c ./Drivers/STM32F4xx_HAL_Driver/Src/stm32f4xx_hal_cortex.o
 .text.__NVIC_SetPriority
                0x0000000008001384       0x54 ./Drivers/STM32F4xx_HAL_Driver/Src/stm32f4xx_hal_cortex.o
 .text.NVIC_EncodePriority
                0x00000000080013d8       0x66 ./Drivers/STM32F4xx_HAL_Driver/Src/stm32f4xx_hal_cortex.o
 *fill*         0x000000000800143e        0x2 
 .text.SysTick_Config
                0x0000000008001440       0x44 ./Drivers/STM32F4xx_HAL_Driver/Src/stm32f4xx_hal_cortex.o
 .text.HAL_NVIC_SetPriorityGrouping
                0x0000000008001484       0x16 ./Drivers/STM32F4xx_HAL_Driver/Src/stm32f4xx_hal_cortex.o
                0x0000000008001484                HAL_NVIC_SetPriorityGrouping
 .text.HAL_NVIC_SetPriority
                0x000000000800149a       0x38 ./Drivers/STM32F4xx_HAL_Driver/Src/stm32f4xx_hal_cortex.o
                0x000000000800149a                HAL_NVIC_SetPriority
 .text.HAL_NVIC_EnableIRQ
                0x00000000080014d2       0x1c ./Drivers/STM32F4xx_HAL_Driver/Src/stm32f4xx_hal_cortex.o
                0x00000000080014d2                HAL_NVIC_EnableIRQ
 .text.HAL_SYSTICK_Config
                0x00000000080014ee       0x18 ./Drivers/STM32F4xx_HAL_Driver/Src/stm32f4xx_hal_cortex.o
                0x00000000080014ee                HAL_SYSTICK_Config
 .text.HAL_DAC_Init
                0x0000000008001506       0x44 ./Drivers/STM32F4xx_HAL_Driver/Src/stm32f4xx_hal_dac.o
                0x0000000008001506                HAL_DAC_Init
 .text.HAL_DAC_IRQHandler
                0x000000000800154a       0xac ./Drivers/STM32F4xx_HAL_Driver/Src/stm32f4xx_hal_dac.o
                0x000000000800154a                HAL_DAC_IRQHandler
 .text.HAL_DAC_DMAUnderrunCallbackCh1
                0x00000000080015f6       0x14 ./Drivers/STM32F4xx_HAL_Driver/Src/stm32f4xx_hal_dac.o
                0x00000000080015f6                HAL_DAC_DMAUnderrunCallbackCh1
 .text.HAL_DAC_ConfigChannel
                0x000000000800160a       0xb2 ./Drivers/STM32F4xx_HAL_Driver/Src/stm32f4xx_hal_dac.o
                0x000000000800160a                HAL_DAC_ConfigChannel
 .text.HAL_DACEx_DMAUnderrunCallbackCh2
                0x00000000080016bc       0x14 ./Drivers/STM32F4xx_HAL_Driver/Src/stm32f4xx_hal_dac_ex.o
                0x00000000080016bc                HAL_DACEx_DMAUnderrunCallbackCh2
 .text.HAL_GPIO_Init
                0x00000000080016d0      0x338 ./Drivers/STM32F4xx_HAL_Driver/Src/stm32f4xx_hal_gpio.o
                0x00000000080016d0                HAL_GPIO_Init
 .text.HAL_GPIO_WritePin
                0x0000000008001a08       0x32 ./Drivers/STM32F4xx_HAL_Driver/Src/stm32f4xx_hal_gpio.o
                0x0000000008001a08                HAL_GPIO_WritePin
 *fill*         0x0000000008001a3a        0x2 
 .text.HAL_I2C_Init
                0x0000000008001a3c      0x288 ./Drivers/STM32F4xx_HAL_Driver/Src/stm32f4xx_hal_i2c.o
                0x0000000008001a3c                HAL_I2C_Init
 .text.HAL_I2C_Master_Transmit
                0x0000000008001cc4      0x1fc ./Drivers/STM32F4xx_HAL_Driver/Src/stm32f4xx_hal_i2c.o
                0x0000000008001cc4                HAL_I2C_Master_Transmit
 .text.HAL_I2C_Mem_Write
                0x0000000008001ec0      0x1f4 ./Drivers/STM32F4xx_HAL_Driver/Src/stm32f4xx_hal_i2c.o
                0x0000000008001ec0                HAL_I2C_Mem_Write
 .text.I2C_MasterRequestWrite
                0x00000000080020b4      0x104 ./Drivers/STM32F4xx_HAL_Driver/Src/stm32f4xx_hal_i2c.o
 .text.I2C_RequestMemoryWrite
                0x00000000080021b8      0x12c ./Drivers/STM32F4xx_HAL_Driver/Src/stm32f4xx_hal_i2c.o
 .text.I2C_WaitOnFlagUntilTimeout
                0x00000000080022e4       0xf4 ./Drivers/STM32F4xx_HAL_Driver/Src/stm32f4xx_hal_i2c.o
 .text.I2C_WaitOnMasterAddressFlagUntilTimeout
                0x00000000080023d8      0x140 ./Drivers/STM32F4xx_HAL_Driver/Src/stm32f4xx_hal_i2c.o
 .text.I2C_WaitOnTXEFlagUntilTimeout
                0x0000000008002518       0x90 ./Drivers/STM32F4xx_HAL_Driver/Src/stm32f4xx_hal_i2c.o
 .text.I2C_WaitOnBTFFlagUntilTimeout
                0x00000000080025a8       0x90 ./Drivers/STM32F4xx_HAL_Driver/Src/stm32f4xx_hal_i2c.o
 .text.I2C_IsAcknowledgeFailed
                0x0000000008002638       0x5e ./Drivers/STM32F4xx_HAL_Driver/Src/stm32f4xx_hal_i2c.o
 *fill*         0x0000000008002696        0x2 
 .text.HAL_RCC_OscConfig
                0x0000000008002698      0x4f0 ./Drivers/STM32F4xx_HAL_Driver/Src/stm32f4xx_hal_rcc.o
                0x0000000008002698                HAL_RCC_OscConfig
 .text.HAL_RCC_ClockConfig
                0x0000000008002b88      0x1cc ./Drivers/STM32F4xx_HAL_Driver/Src/stm32f4xx_hal_rcc.o
                0x0000000008002b88                HAL_RCC_ClockConfig
 .text.HAL_RCC_GetSysClockFreq
                0x0000000008002d54      0x20c ./Drivers/STM32F4xx_HAL_Driver/Src/stm32f4xx_hal_rcc.o
                0x0000000008002d54                HAL_RCC_GetSysClockFreq
 .text.HAL_RCC_GetHCLKFreq
                0x0000000008002f60       0x18 ./Drivers/STM32F4xx_HAL_Driver/Src/stm32f4xx_hal_rcc.o
                0x0000000008002f60                HAL_RCC_GetHCLKFreq
 .text.HAL_RCC_GetPCLK1Freq
                0x0000000008002f78       0x28 ./Drivers/STM32F4xx_HAL_Driver/Src/stm32f4xx_hal_rcc.o
                0x0000000008002f78                HAL_RCC_GetPCLK1Freq
 .text.HAL_SPI_Init
                0x0000000008002fa0      0x112 ./Drivers/STM32F4xx_HAL_Driver/Src/stm32f4xx_hal_spi.o
                0x0000000008002fa0                HAL_SPI_Init
 .text.HAL_TIM_Base_Init
                0x00000000080030b2       0x9e ./Drivers/STM32F4xx_HAL_Driver/Src/stm32f4xx_hal_tim.o
                0x00000000080030b2                HAL_TIM_Base_Init
 .text.HAL_TIM_Base_Start
                0x0000000008003150       0xd0 ./Drivers/STM32F4xx_HAL_Driver/Src/stm32f4xx_hal_tim.o
                0x0000000008003150                HAL_TIM_Base_Start
 .text.HAL_TIM_IRQHandler
                0x0000000008003220      0x1e0 ./Drivers/STM32F4xx_HAL_Driver/Src/stm32f4xx_hal_tim.o
                0x0000000008003220                HAL_TIM_IRQHandler
 .text.HAL_TIM_OC_DelayElapsedCallback
                0x0000000008003400       0x14 ./Drivers/STM32F4xx_HAL_Driver/Src/stm32f4xx_hal_tim.o
                0x0000000008003400                HAL_TIM_OC_DelayElapsedCallback
 .text.HAL_TIM_IC_CaptureCallback
                0x0000000008003414       0x14 ./Drivers/STM32F4xx_HAL_Driver/Src/stm32f4xx_hal_tim.o
                0x0000000008003414                HAL_TIM_IC_CaptureCallback
 .text.HAL_TIM_PWM_PulseFinishedCallback
                0x0000000008003428       0x14 ./Drivers/STM32F4xx_HAL_Driver/Src/stm32f4xx_hal_tim.o
                0x0000000008003428                HAL_TIM_PWM_PulseFinishedCallback
 .text.HAL_TIM_TriggerCallback
                0x000000000800343c       0x14 ./Drivers/STM32F4xx_HAL_Driver/Src/stm32f4xx_hal_tim.o
                0x000000000800343c                HAL_TIM_TriggerCallback
 .text.TIM_Base_SetConfig
                0x0000000008003450      0x158 ./Drivers/STM32F4xx_HAL_Driver/Src/stm32f4xx_hal_tim.o
                0x0000000008003450                TIM_Base_SetConfig
 .text.HAL_TIMEx_MasterConfigSynchronization
                0x00000000080035a8       0xf8 ./Drivers/STM32F4xx_HAL_Driver/Src/stm32f4xx_hal_tim_ex.o
                0x00000000080035a8                HAL_TIMEx_MasterConfigSynchronization
 .text.HAL_TIMEx_CommutCallback
                0x00000000080036a0       0x14 ./Drivers/STM32F4xx_HAL_Driver/Src/stm32f4xx_hal_tim_ex.o
                0x00000000080036a0                HAL_TIMEx_CommutCallback
 .text.HAL_TIMEx_BreakCallback
                0x00000000080036b4       0x14 ./Drivers/STM32F4xx_HAL_Driver/Src/stm32f4xx_hal_tim_ex.o
                0x00000000080036b4                HAL_TIMEx_BreakCallback
 .text.memset   0x00000000080036c8       0x10 C:/ST/STM32CubeIDE_1.14.0/STM32CubeIDE/plugins/com.st.stm32cube.ide.mcu.externaltools.gnu-tools-for-stm32.11.3.rel1.win32_1.1.100.202309141235/tools/bin/../lib/gcc/arm-none-eabi/11.3.1/../../../../arm-none-eabi/lib/thumb/v7e-m+fp/hard\libc_nano.a(libc_a-memset.o)
                0x00000000080036c8                memset
 .text.__libc_init_array
                0x00000000080036d8       0x48 C:/ST/STM32CubeIDE_1.14.0/STM32CubeIDE/plugins/com.st.stm32cube.ide.mcu.externaltools.gnu-tools-for-stm32.11.3.rel1.win32_1.1.100.202309141235/tools/bin/../lib/gcc/arm-none-eabi/11.3.1/../../../../arm-none-eabi/lib/thumb/v7e-m+fp/hard\libc_nano.a(libc_a-init.o)
                0x00000000080036d8                __libc_init_array
 *(.glue_7)
 .glue_7        0x0000000008003720        0x0 linker stubs
 *(.glue_7t)
 .glue_7t       0x0000000008003720        0x0 linker stubs
 *(.eh_frame)
 .eh_frame      0x0000000008003720        0x0 C:/ST/STM32CubeIDE_1.14.0/STM32CubeIDE/plugins/com.st.stm32cube.ide.mcu.externaltools.gnu-tools-for-stm32.11.3.rel1.win32_1.1.100.202309141235/tools/bin/../lib/gcc/arm-none-eabi/11.3.1/thumb/v7e-m+fp/hard/crtbegin.o
 *(.init)
 .init          0x0000000008003720        0x4 C:/ST/STM32CubeIDE_1.14.0/STM32CubeIDE/plugins/com.st.stm32cube.ide.mcu.externaltools.gnu-tools-for-stm32.11.3.rel1.win32_1.1.100.202309141235/tools/bin/../lib/gcc/arm-none-eabi/11.3.1/thumb/v7e-m+fp/hard/crti.o
                0x0000000008003720                _init
 .init          0x0000000008003724        0x8 C:/ST/STM32CubeIDE_1.14.0/STM32CubeIDE/plugins/com.st.stm32cube.ide.mcu.externaltools.gnu-tools-for-stm32.11.3.rel1.win32_1.1.100.202309141235/tools/bin/../lib/gcc/arm-none-eabi/11.3.1/thumb/v7e-m+fp/hard/crtn.o
 *(.fini)
 .fini          0x000000000800372c        0x4 C:/ST/STM32CubeIDE_1.14.0/STM32CubeIDE/plugins/com.st.stm32cube.ide.mcu.externaltools.gnu-tools-for-stm32.11.3.rel1.win32_1.1.100.202309141235/tools/bin/../lib/gcc/arm-none-eabi/11.3.1/thumb/v7e-m+fp/hard/crti.o
                0x000000000800372c                _fini
 .fini          0x0000000008003730        0x8 C:/ST/STM32CubeIDE_1.14.0/STM32CubeIDE/plugins/com.st.stm32cube.ide.mcu.externaltools.gnu-tools-for-stm32.11.3.rel1.win32_1.1.100.202309141235/tools/bin/../lib/gcc/arm-none-eabi/11.3.1/thumb/v7e-m+fp/hard/crtn.o
                0x0000000008003738                . = ALIGN (0x4)
                0x0000000008003738                _etext = .

.vfp11_veneer   0x0000000008003738        0x0
 .vfp11_veneer  0x0000000008003738        0x0 linker stubs

.v4_bx          0x0000000008003738        0x0
 .v4_bx         0x0000000008003738        0x0 linker stubs

.iplt           0x0000000008003738        0x0
 .iplt          0x0000000008003738        0x0 C:/ST/STM32CubeIDE_1.14.0/STM32CubeIDE/plugins/com.st.stm32cube.ide.mcu.externaltools.gnu-tools-for-stm32.11.3.rel1.win32_1.1.100.202309141235/tools/bin/../lib/gcc/arm-none-eabi/11.3.1/thumb/v7e-m+fp/hard/crtbegin.o

.rodata         0x0000000008003738       0x18
                0x0000000008003738                . = ALIGN (0x4)
 *(.rodata)
 *(.rodata*)
 .rodata.AHBPrescTable
                0x0000000008003738       0x10 ./Core/Src/system_stm32f4xx.o
                0x0000000008003738                AHBPrescTable
 .rodata.APBPrescTable
                0x0000000008003748        0x8 ./Core/Src/system_stm32f4xx.o
                0x0000000008003748                APBPrescTable
                0x0000000008003750                . = ALIGN (0x4)

.ARM.extab      0x0000000008003750        0x0
                0x0000000008003750                . = ALIGN (0x4)
 *(.ARM.extab* .gnu.linkonce.armextab.*)
                0x0000000008003750                . = ALIGN (0x4)

.ARM            0x0000000008003750        0x8
                0x0000000008003750                . = ALIGN (0x4)
                0x0000000008003750                __exidx_start = .
 *(.ARM.exidx*)
 .ARM.exidx     0x0000000008003750        0x8 C:/ST/STM32CubeIDE_1.14.0/STM32CubeIDE/plugins/com.st.stm32cube.ide.mcu.externaltools.gnu-tools-for-stm32.11.3.rel1.win32_1.1.100.202309141235/tools/bin/../lib/gcc/arm-none-eabi/11.3.1/thumb/v7e-m+fp/hard\libgcc.a(_udivmoddi4.o)
                0x0000000008003758                __exidx_end = .
                0x0000000008003758                . = ALIGN (0x4)

.rel.dyn        0x0000000008003758        0x0
 .rel.iplt      0x0000000008003758        0x0 C:/ST/STM32CubeIDE_1.14.0/STM32CubeIDE/plugins/com.st.stm32cube.ide.mcu.externaltools.gnu-tools-for-stm32.11.3.rel1.win32_1.1.100.202309141235/tools/bin/../lib/gcc/arm-none-eabi/11.3.1/thumb/v7e-m+fp/hard/crtbegin.o

.preinit_array  0x0000000008003758        0x0
                0x0000000008003758                . = ALIGN (0x4)
                0x0000000008003758                PROVIDE (__preinit_array_start = .)
 *(.preinit_array*)
                0x0000000008003758                PROVIDE (__preinit_array_end = .)
                0x0000000008003758                . = ALIGN (0x4)

.init_array     0x0000000008003758        0x4
                0x0000000008003758                . = ALIGN (0x4)
                0x0000000008003758                PROVIDE (__init_array_start = .)
 *(SORT_BY_NAME(.init_array.*))
 *(.init_array*)
 .init_array    0x0000000008003758        0x4 C:/ST/STM32CubeIDE_1.14.0/STM32CubeIDE/plugins/com.st.stm32cube.ide.mcu.externaltools.gnu-tools-for-stm32.11.3.rel1.win32_1.1.100.202309141235/tools/bin/../lib/gcc/arm-none-eabi/11.3.1/thumb/v7e-m+fp/hard/crtbegin.o
                0x000000000800375c                PROVIDE (__init_array_end = .)
                0x000000000800375c                . = ALIGN (0x4)

.fini_array     0x000000000800375c        0x4
                0x000000000800375c                . = ALIGN (0x4)
                [!provide]                        PROVIDE (__fini_array_start = .)
 *(SORT_BY_NAME(.fini_array.*))
 *(.fini_array*)
 .fini_array    0x000000000800375c        0x4 C:/ST/STM32CubeIDE_1.14.0/STM32CubeIDE/plugins/com.st.stm32cube.ide.mcu.externaltools.gnu-tools-for-stm32.11.3.rel1.win32_1.1.100.202309141235/tools/bin/../lib/gcc/arm-none-eabi/11.3.1/thumb/v7e-m+fp/hard/crtbegin.o
                [!provide]                        PROVIDE (__fini_array_end = .)
                0x0000000008003760                . = ALIGN (0x4)
                0x0000000008003760                _sidata = LOADADDR (.data)

.data           0x0000000020000000       0x10 load address 0x0000000008003760
                0x0000000020000000                . = ALIGN (0x4)
                0x0000000020000000                _sdata = .
 *(.data)
 *(.data*)
 .data.TimerTestData
                0x0000000020000000        0x1 ./Core/Src/main.o
                0x0000000020000000                TimerTestData
 *fill*         0x0000000020000001        0x3 
 .data.SystemCoreClock
                0x0000000020000004        0x4 ./Core/Src/system_stm32f4xx.o
                0x0000000020000004                SystemCoreClock
 .data.uwTickPrio
                0x0000000020000008        0x4 ./Drivers/STM32F4xx_HAL_Driver/Src/stm32f4xx_hal.o
                0x0000000020000008                uwTickPrio
 .data.uwTickFreq
                0x000000002000000c        0x1 ./Drivers/STM32F4xx_HAL_Driver/Src/stm32f4xx_hal.o
                0x000000002000000c                uwTickFreq
 *(.RamFunc)
 *(.RamFunc*)
                0x0000000020000010                . = ALIGN (0x4)
 *fill*         0x000000002000000d        0x3 
                0x0000000020000010                _edata = .
                0x0000000008003770                _siccmram = LOADADDR (.ccmram)

.igot.plt       0x0000000020000010        0x0 load address 0x0000000008003770
 .igot.plt      0x0000000020000010        0x0 C:/ST/STM32CubeIDE_1.14.0/STM32CubeIDE/plugins/com.st.stm32cube.ide.mcu.externaltools.gnu-tools-for-stm32.11.3.rel1.win32_1.1.100.202309141235/tools/bin/../lib/gcc/arm-none-eabi/11.3.1/thumb/v7e-m+fp/hard/crtbegin.o

.ccmram         0x0000000010000000        0x0 load address 0x0000000008003770
                0x0000000010000000                . = ALIGN (0x4)
                0x0000000010000000                _sccmram = .
 *(.ccmram)
 *(.ccmram*)
                0x0000000010000000                . = ALIGN (0x4)
                0x0000000010000000                _eccmram = .
                0x0000000010000000                . = ALIGN (0x4)

.bss            0x0000000020000010      0x1c0
                0x0000000020000010                _sbss = .
                0x0000000020000010                __bss_start__ = _sbss
 *(.bss)
 .bss           0x0000000020000010       0x1c C:/ST/STM32CubeIDE_1.14.0/STM32CubeIDE/plugins/com.st.stm32cube.ide.mcu.externaltools.gnu-tools-for-stm32.11.3.rel1.win32_1.1.100.202309141235/tools/bin/../lib/gcc/arm-none-eabi/11.3.1/thumb/v7e-m+fp/hard/crtbegin.o
 *(.bss*)
 .bss.hcan1     0x000000002000002c       0x28 ./Core/Src/main.o
                0x000000002000002c                hcan1
 .bss.hdac      0x0000000020000054       0x14 ./Core/Src/main.o
                0x0000000020000054                hdac
 .bss.hi2c1     0x0000000020000068       0x54 ./Core/Src/main.o
                0x0000000020000068                hi2c1
 .bss.hspi3     0x00000000200000bc       0x58 ./Core/Src/main.o
                0x00000000200000bc                hspi3
 .bss.htim6     0x0000000020000114       0x48 ./Core/Src/main.o
                0x0000000020000114                htim6
 .bss.ADC_1     0x000000002000015c       0x30 ./Core/Src/main.o
                0x000000002000015c                ADC_1
 .bss.GPIO_0    0x000000002000018c        0x8 ./Core/Src/main.o
                0x000000002000018c                GPIO_0
 .bss.GPIO_1    0x0000000020000194        0x8 ./Core/Src/main.o
                0x0000000020000194                GPIO_1
 .bss.GPIO_2    0x000000002000019c        0x8 ./Core/Src/main.o
                0x000000002000019c                GPIO_2
 .bss.GPIO_3    0x00000000200001a4        0x8 ./Core/Src/main.o
                0x00000000200001a4                GPIO_3
 .bss.GPIO_4    0x00000000200001ac        0x8 ./Core/Src/main.o
                0x00000000200001ac                GPIO_4
 .bss.GPIO_5    0x00000000200001b4        0x8 ./Core/Src/main.o
                0x00000000200001b4                GPIO_5
 .bss.GPIO_6    0x00000000200001bc        0x8 ./Core/Src/main.o
                0x00000000200001bc                GPIO_6
 .bss.GPIO_7    0x00000000200001c4        0x8 ./Core/Src/main.o
                0x00000000200001c4                GPIO_7
 .bss.uwTick    0x00000000200001cc        0x4 ./Drivers/STM32F4xx_HAL_Driver/Src/stm32f4xx_hal.o
                0x00000000200001cc                uwTick
 *(COMMON)
                0x00000000200001d0                . = ALIGN (0x4)
                0x00000000200001d0                _ebss = .
                0x00000000200001d0                __bss_end__ = _ebss

._user_heap_stack
                0x00000000200001d0      0x600
                0x00000000200001d0                . = ALIGN (0x8)
                [!provide]                        PROVIDE (end = .)
                0x00000000200001d0                PROVIDE (_end = .)
                0x00000000200003d0                . = (. + _Min_Heap_Size)
 *fill*         0x00000000200001d0      0x200 
                0x00000000200007d0                . = (. + _Min_Stack_Size)
 *fill*         0x00000000200003d0      0x400 
                0x00000000200007d0                . = ALIGN (0x8)

/DISCARD/
 libc.a(*)
 libm.a(*)
 libgcc.a(*)

.ARM.attributes
                0x0000000000000000       0x30
 *(.ARM.attributes)
 .ARM.attributes
                0x0000000000000000       0x1e C:/ST/STM32CubeIDE_1.14.0/STM32CubeIDE/plugins/com.st.stm32cube.ide.mcu.externaltools.gnu-tools-for-stm32.11.3.rel1.win32_1.1.100.202309141235/tools/bin/../lib/gcc/arm-none-eabi/11.3.1/thumb/v7e-m+fp/hard/crti.o
 .ARM.attributes
                0x000000000000001e       0x34 C:/ST/STM32CubeIDE_1.14.0/STM32CubeIDE/plugins/com.st.stm32cube.ide.mcu.externaltools.gnu-tools-for-stm32.11.3.rel1.win32_1.1.100.202309141235/tools/bin/../lib/gcc/arm-none-eabi/11.3.1/thumb/v7e-m+fp/hard/crtbegin.o
 .ARM.attributes
                0x0000000000000052       0x34 ./Core/Src/MCP23008.o
 .ARM.attributes
                0x0000000000000086       0x34 ./Core/Src/main.o
 .ARM.attributes
                0x00000000000000ba       0x34 ./Core/Src/stm32f4xx_hal_msp.o
 .ARM.attributes
                0x00000000000000ee       0x34 ./Core/Src/stm32f4xx_it.o
 .ARM.attributes
                0x0000000000000122       0x34 ./Core/Src/system_stm32f4xx.o
 .ARM.attributes
                0x0000000000000156       0x21 ./Core/Startup/startup_stm32f407vgtx.o
 .ARM.attributes
                0x0000000000000177       0x34 ./Drivers/STM32F4xx_HAL_Driver/Src/stm32f4xx_hal.o
 .ARM.attributes
                0x00000000000001ab       0x34 ./Drivers/STM32F4xx_HAL_Driver/Src/stm32f4xx_hal_can.o
 .ARM.attributes
                0x00000000000001df       0x34 ./Drivers/STM32F4xx_HAL_Driver/Src/stm32f4xx_hal_cortex.o
 .ARM.attributes
                0x0000000000000213       0x34 ./Drivers/STM32F4xx_HAL_Driver/Src/stm32f4xx_hal_dac.o
 .ARM.attributes
                0x0000000000000247       0x34 ./Drivers/STM32F4xx_HAL_Driver/Src/stm32f4xx_hal_dac_ex.o
 .ARM.attributes
                0x000000000000027b       0x34 ./Drivers/STM32F4xx_HAL_Driver/Src/stm32f4xx_hal_gpio.o
 .ARM.attributes
                0x00000000000002af       0x34 ./Drivers/STM32F4xx_HAL_Driver/Src/stm32f4xx_hal_i2c.o
 .ARM.attributes
                0x00000000000002e3       0x34 ./Drivers/STM32F4xx_HAL_Driver/Src/stm32f4xx_hal_rcc.o
 .ARM.attributes
                0x0000000000000317       0x34 ./Drivers/STM32F4xx_HAL_Driver/Src/stm32f4xx_hal_spi.o
 .ARM.attributes
                0x000000000000034b       0x34 ./Drivers/STM32F4xx_HAL_Driver/Src/stm32f4xx_hal_tim.o
 .ARM.attributes
                0x000000000000037f       0x34 ./Drivers/STM32F4xx_HAL_Driver/Src/stm32f4xx_hal_tim_ex.o
 .ARM.attributes
                0x00000000000003b3       0x34 C:/ST/STM32CubeIDE_1.14.0/STM32CubeIDE/plugins/com.st.stm32cube.ide.mcu.externaltools.gnu-tools-for-stm32.11.3.rel1.win32_1.1.100.202309141235/tools/bin/../lib/gcc/arm-none-eabi/11.3.1/../../../../arm-none-eabi/lib/thumb/v7e-m+fp/hard\libc_nano.a(libc_a-memset.o)
 .ARM.attributes
                0x00000000000003e7       0x34 C:/ST/STM32CubeIDE_1.14.0/STM32CubeIDE/plugins/com.st.stm32cube.ide.mcu.externaltools.gnu-tools-for-stm32.11.3.rel1.win32_1.1.100.202309141235/tools/bin/../lib/gcc/arm-none-eabi/11.3.1/../../../../arm-none-eabi/lib/thumb/v7e-m+fp/hard\libc_nano.a(libc_a-init.o)
 .ARM.attributes
                0x000000000000041b       0x1e C:/ST/STM32CubeIDE_1.14.0/STM32CubeIDE/plugins/com.st.stm32cube.ide.mcu.externaltools.gnu-tools-for-stm32.11.3.rel1.win32_1.1.100.202309141235/tools/bin/../lib/gcc/arm-none-eabi/11.3.1/thumb/v7e-m+fp/hard\libgcc.a(_aeabi_uldivmod.o)
 .ARM.attributes
                0x0000000000000439       0x34 C:/ST/STM32CubeIDE_1.14.0/STM32CubeIDE/plugins/com.st.stm32cube.ide.mcu.externaltools.gnu-tools-for-stm32.11.3.rel1.win32_1.1.100.202309141235/tools/bin/../lib/gcc/arm-none-eabi/11.3.1/thumb/v7e-m+fp/hard\libgcc.a(_udivmoddi4.o)
 .ARM.attributes
                0x000000000000046d       0x1e C:/ST/STM32CubeIDE_1.14.0/STM32CubeIDE/plugins/com.st.stm32cube.ide.mcu.externaltools.gnu-tools-for-stm32.11.3.rel1.win32_1.1.100.202309141235/tools/bin/../lib/gcc/arm-none-eabi/11.3.1/thumb/v7e-m+fp/hard\libgcc.a(_dvmd_tls.o)
 .ARM.attributes
                0x000000000000048b       0x1e C:/ST/STM32CubeIDE_1.14.0/STM32CubeIDE/plugins/com.st.stm32cube.ide.mcu.externaltools.gnu-tools-for-stm32.11.3.rel1.win32_1.1.100.202309141235/tools/bin/../lib/gcc/arm-none-eabi/11.3.1/thumb/v7e-m+fp/hard/crtn.o
OUTPUT(TEST-IO_EXPANDER-ADC.elf elf32-littlearm)
LOAD linker stubs
LOAD C:/ST/STM32CubeIDE_1.14.0/STM32CubeIDE/plugins/com.st.stm32cube.ide.mcu.externaltools.gnu-tools-for-stm32.11.3.rel1.win32_1.1.100.202309141235/tools/bin/../lib/gcc/arm-none-eabi/11.3.1/../../../../arm-none-eabi/lib/thumb/v7e-m+fp/hard\libc.a
LOAD C:/ST/STM32CubeIDE_1.14.0/STM32CubeIDE/plugins/com.st.stm32cube.ide.mcu.externaltools.gnu-tools-for-stm32.11.3.rel1.win32_1.1.100.202309141235/tools/bin/../lib/gcc/arm-none-eabi/11.3.1/../../../../arm-none-eabi/lib/thumb/v7e-m+fp/hard\libm.a
LOAD C:/ST/STM32CubeIDE_1.14.0/STM32CubeIDE/plugins/com.st.stm32cube.ide.mcu.externaltools.gnu-tools-for-stm32.11.3.rel1.win32_1.1.100.202309141235/tools/bin/../lib/gcc/arm-none-eabi/11.3.1/thumb/v7e-m+fp/hard\libgcc.a

.comment        0x0000000000000000       0x43
 .comment       0x0000000000000000       0x43 C:/ST/STM32CubeIDE_1.14.0/STM32CubeIDE/plugins/com.st.stm32cube.ide.mcu.externaltools.gnu-tools-for-stm32.11.3.rel1.win32_1.1.100.202309141235/tools/bin/../lib/gcc/arm-none-eabi/11.3.1/thumb/v7e-m+fp/hard/crtbegin.o
                                         0x44 (size before relaxing)
 .comment       0x0000000000000043       0x44 ./Core/Src/MCP23008.o
 .comment       0x0000000000000043       0x44 ./Core/Src/main.o
 .comment       0x0000000000000043       0x44 ./Core/Src/stm32f4xx_hal_msp.o
 .comment       0x0000000000000043       0x44 ./Core/Src/stm32f4xx_it.o
 .comment       0x0000000000000043       0x44 ./Core/Src/system_stm32f4xx.o
 .comment       0x0000000000000043       0x44 ./Drivers/STM32F4xx_HAL_Driver/Src/stm32f4xx_hal.o
 .comment       0x0000000000000043       0x44 ./Drivers/STM32F4xx_HAL_Driver/Src/stm32f4xx_hal_can.o
 .comment       0x0000000000000043       0x44 ./Drivers/STM32F4xx_HAL_Driver/Src/stm32f4xx_hal_cortex.o
 .comment       0x0000000000000043       0x44 ./Drivers/STM32F4xx_HAL_Driver/Src/stm32f4xx_hal_dac.o
 .comment       0x0000000000000043       0x44 ./Drivers/STM32F4xx_HAL_Driver/Src/stm32f4xx_hal_dac_ex.o
 .comment       0x0000000000000043       0x44 ./Drivers/STM32F4xx_HAL_Driver/Src/stm32f4xx_hal_gpio.o
 .comment       0x0000000000000043       0x44 ./Drivers/STM32F4xx_HAL_Driver/Src/stm32f4xx_hal_i2c.o
 .comment       0x0000000000000043       0x44 ./Drivers/STM32F4xx_HAL_Driver/Src/stm32f4xx_hal_rcc.o
 .comment       0x0000000000000043       0x44 ./Drivers/STM32F4xx_HAL_Driver/Src/stm32f4xx_hal_spi.o
 .comment       0x0000000000000043       0x44 ./Drivers/STM32F4xx_HAL_Driver/Src/stm32f4xx_hal_tim.o
 .comment       0x0000000000000043       0x44 ./Drivers/STM32F4xx_HAL_Driver/Src/stm32f4xx_hal_tim_ex.o

.debug_info     0x0000000000000000    0x1099f
 .debug_info    0x0000000000000000      0x85e ./Core/Src/MCP23008.o
 .debug_info    0x000000000000085e     0x1b90 ./Core/Src/main.o
 .debug_info    0x00000000000023ee     0x18d5 ./Core/Src/stm32f4xx_hal_msp.o
 .debug_info    0x0000000000003cc3      0x876 ./Core/Src/stm32f4xx_it.o
 .debug_info    0x0000000000004539      0x512 ./Core/Src/system_stm32f4xx.o
 .debug_info    0x0000000000004a4b       0x23 ./Core/Startup/startup_stm32f407vgtx.o
 .debug_info    0x0000000000004a6e      0x944 ./Drivers/STM32F4xx_HAL_Driver/Src/stm32f4xx_hal.o
 .debug_info    0x00000000000053b2      0xf49 ./Drivers/STM32F4xx_HAL_Driver/Src/stm32f4xx_hal_can.o
 .debug_info    0x00000000000062fb      0xd57 ./Drivers/STM32F4xx_HAL_Driver/Src/stm32f4xx_hal_cortex.o
 .debug_info    0x0000000000007052      0xa01 ./Drivers/STM32F4xx_HAL_Driver/Src/stm32f4xx_hal_dac.o
 .debug_info    0x0000000000007a53      0x750 ./Drivers/STM32F4xx_HAL_Driver/Src/stm32f4xx_hal_dac_ex.o
 .debug_info    0x00000000000081a3      0x6c3 ./Drivers/STM32F4xx_HAL_Driver/Src/stm32f4xx_hal_gpio.o
 .debug_info    0x0000000000008866     0x2415 ./Drivers/STM32F4xx_HAL_Driver/Src/stm32f4xx_hal_i2c.o
 .debug_info    0x000000000000ac7b      0x8b1 ./Drivers/STM32F4xx_HAL_Driver/Src/stm32f4xx_hal_rcc.o
 .debug_info    0x000000000000b52c     0x15fb ./Drivers/STM32F4xx_HAL_Driver/Src/stm32f4xx_hal_spi.o
 .debug_info    0x000000000000cb27     0x299d ./Drivers/STM32F4xx_HAL_Driver/Src/stm32f4xx_hal_tim.o
 .debug_info    0x000000000000f4c4     0x14db ./Drivers/STM32F4xx_HAL_Driver/Src/stm32f4xx_hal_tim_ex.o

.debug_abbrev   0x0000000000000000     0x23ea
 .debug_abbrev  0x0000000000000000      0x168 ./Core/Src/MCP23008.o
 .debug_abbrev  0x0000000000000168      0x329 ./Core/Src/main.o
 .debug_abbrev  0x0000000000000491      0x265 ./Core/Src/stm32f4xx_hal_msp.o
 .debug_abbrev  0x00000000000006f6      0x195 ./Core/Src/stm32f4xx_it.o
 .debug_abbrev  0x000000000000088b      0x11a ./Core/Src/system_stm32f4xx.o
 .debug_abbrev  0x00000000000009a5       0x12 ./Core/Startup/startup_stm32f407vgtx.o
 .debug_abbrev  0x00000000000009b7      0x214 ./Drivers/STM32F4xx_HAL_Driver/Src/stm32f4xx_hal.o
 .debug_abbrev  0x0000000000000bcb      0x258 ./Drivers/STM32F4xx_HAL_Driver/Src/stm32f4xx_hal_can.o
 .debug_abbrev  0x0000000000000e23      0x328 ./Drivers/STM32F4xx_HAL_Driver/Src/stm32f4xx_hal_cortex.o
 .debug_abbrev  0x000000000000114b      0x1fa ./Drivers/STM32F4xx_HAL_Driver/Src/stm32f4xx_hal_dac.o
 .debug_abbrev  0x0000000000001345      0x1ef ./Drivers/STM32F4xx_HAL_Driver/Src/stm32f4xx_hal_dac_ex.o
 .debug_abbrev  0x0000000000001534      0x1d4 ./Drivers/STM32F4xx_HAL_Driver/Src/stm32f4xx_hal_gpio.o
 .debug_abbrev  0x0000000000001708      0x2ad ./Drivers/STM32F4xx_HAL_Driver/Src/stm32f4xx_hal_i2c.o
 .debug_abbrev  0x00000000000019b5      0x2b6 ./Drivers/STM32F4xx_HAL_Driver/Src/stm32f4xx_hal_rcc.o
 .debug_abbrev  0x0000000000001c6b      0x284 ./Drivers/STM32F4xx_HAL_Driver/Src/stm32f4xx_hal_spi.o
 .debug_abbrev  0x0000000000001eef      0x278 ./Drivers/STM32F4xx_HAL_Driver/Src/stm32f4xx_hal_tim.o
 .debug_abbrev  0x0000000000002167      0x283 ./Drivers/STM32F4xx_HAL_Driver/Src/stm32f4xx_hal_tim_ex.o

.debug_aranges  0x0000000000000000     0x10f0
 .debug_aranges
                0x0000000000000000       0x40 ./Core/Src/MCP23008.o
 .debug_aranges
                0x0000000000000040       0x70 ./Core/Src/main.o
 .debug_aranges
                0x00000000000000b0       0x70 ./Core/Src/stm32f4xx_hal_msp.o
 .debug_aranges
                0x0000000000000120       0x68 ./Core/Src/stm32f4xx_it.o
 .debug_aranges
                0x0000000000000188       0x28 ./Core/Src/system_stm32f4xx.o
 .debug_aranges
                0x00000000000001b0       0x28 ./Core/Startup/startup_stm32f407vgtx.o
 .debug_aranges
                0x00000000000001d8       0xf0 ./Drivers/STM32F4xx_HAL_Driver/Src/stm32f4xx_hal.o
 .debug_aranges
                0x00000000000002c8      0x138 ./Drivers/STM32F4xx_HAL_Driver/Src/stm32f4xx_hal_can.o
 .debug_aranges
                0x0000000000000400      0x120 ./Drivers/STM32F4xx_HAL_Driver/Src/stm32f4xx_hal_cortex.o
 .debug_aranges
                0x0000000000000520       0xc0 ./Drivers/STM32F4xx_HAL_Driver/Src/stm32f4xx_hal_dac.o
 .debug_aranges
                0x00000000000005e0       0x80 ./Drivers/STM32F4xx_HAL_Driver/Src/stm32f4xx_hal_dac_ex.o
 .debug_aranges
                0x0000000000000660       0x58 ./Drivers/STM32F4xx_HAL_Driver/Src/stm32f4xx_hal_gpio.o
 .debug_aranges
                0x00000000000006b8      0x2a8 ./Drivers/STM32F4xx_HAL_Driver/Src/stm32f4xx_hal_i2c.o
 .debug_aranges
                0x0000000000000960       0x88 ./Drivers/STM32F4xx_HAL_Driver/Src/stm32f4xx_hal_rcc.o
 .debug_aranges
                0x00000000000009e8      0x1d0 ./Drivers/STM32F4xx_HAL_Driver/Src/stm32f4xx_hal_spi.o
 .debug_aranges
                0x0000000000000bb8      0x3d0 ./Drivers/STM32F4xx_HAL_Driver/Src/stm32f4xx_hal_tim.o
 .debug_aranges
                0x0000000000000f88      0x168 ./Drivers/STM32F4xx_HAL_Driver/Src/stm32f4xx_hal_tim_ex.o

.debug_rnglists
                0x0000000000000000      0xd3b
 .debug_rnglists
                0x0000000000000000       0x2d ./Core/Src/MCP23008.o
 .debug_rnglists
                0x000000000000002d       0x53 ./Core/Src/main.o
 .debug_rnglists
                0x0000000000000080       0x53 ./Core/Src/stm32f4xx_hal_msp.o
 .debug_rnglists
                0x00000000000000d3       0x49 ./Core/Src/stm32f4xx_it.o
 .debug_rnglists
                0x000000000000011c       0x1a ./Core/Src/system_stm32f4xx.o
 .debug_rnglists
                0x0000000000000136       0x19 ./Core/Startup/startup_stm32f407vgtx.o
 .debug_rnglists
                0x000000000000014f       0xaf ./Drivers/STM32F4xx_HAL_Driver/Src/stm32f4xx_hal.o
 .debug_rnglists
                0x00000000000001fe       0xee ./Drivers/STM32F4xx_HAL_Driver/Src/stm32f4xx_hal_can.o
 .debug_rnglists
                0x00000000000002ec       0xd4 ./Drivers/STM32F4xx_HAL_Driver/Src/stm32f4xx_hal_cortex.o
 .debug_rnglists
                0x00000000000003c0       0x90 ./Drivers/STM32F4xx_HAL_Driver/Src/stm32f4xx_hal_dac.o
 .debug_rnglists
                0x0000000000000450       0x5c ./Drivers/STM32F4xx_HAL_Driver/Src/stm32f4xx_hal_dac_ex.o
 .debug_rnglists
                0x00000000000004ac       0x3f ./Drivers/STM32F4xx_HAL_Driver/Src/stm32f4xx_hal_gpio.o
 .debug_rnglists
                0x00000000000004eb      0x23c ./Drivers/STM32F4xx_HAL_Driver/Src/stm32f4xx_hal_i2c.o
 .debug_rnglists
                0x0000000000000727       0x66 ./Drivers/STM32F4xx_HAL_Driver/Src/stm32f4xx_hal_rcc.o
 .debug_rnglists
                0x000000000000078d      0x16f ./Drivers/STM32F4xx_HAL_Driver/Src/stm32f4xx_hal_spi.o
 .debug_rnglists
                0x00000000000008fc      0x31a ./Drivers/STM32F4xx_HAL_Driver/Src/stm32f4xx_hal_tim.o
 .debug_rnglists
                0x0000000000000c16      0x125 ./Drivers/STM32F4xx_HAL_Driver/Src/stm32f4xx_hal_tim_ex.o

.debug_macro    0x0000000000000000    0x21549
 .debug_macro   0x0000000000000000      0x210 ./Core/Src/MCP23008.o
 .debug_macro   0x0000000000000210      0xaa8 ./Core/Src/MCP23008.o
 .debug_macro   0x0000000000000cb8      0x2ad ./Core/Src/MCP23008.o
 .debug_macro   0x0000000000000f65       0x2e ./Core/Src/MCP23008.o
 .debug_macro   0x0000000000000f93       0x2f ./Core/Src/MCP23008.o
 .debug_macro   0x0000000000000fc2       0x22 ./Core/Src/MCP23008.o
 .debug_macro   0x0000000000000fe4       0x8e ./Core/Src/MCP23008.o
 .debug_macro   0x0000000000001072       0x51 ./Core/Src/MCP23008.o
 .debug_macro   0x00000000000010c3      0x103 ./Core/Src/MCP23008.o
 .debug_macro   0x00000000000011c6       0x6a ./Core/Src/MCP23008.o
 .debug_macro   0x0000000000001230      0x1df ./Core/Src/MCP23008.o
 .debug_macro   0x000000000000140f       0x1c ./Core/Src/MCP23008.o
 .debug_macro   0x000000000000142b       0x22 ./Core/Src/MCP23008.o
 .debug_macro   0x000000000000144d       0xfb ./Core/Src/MCP23008.o
 .debug_macro   0x0000000000001548     0x1011 ./Core/Src/MCP23008.o
 .debug_macro   0x0000000000002559      0x11f ./Core/Src/MCP23008.o
 .debug_macro   0x0000000000002678    0x15e97 ./Core/Src/MCP23008.o
 .debug_macro   0x000000000001850f       0x6d ./Core/Src/MCP23008.o
 .debug_macro   0x000000000001857c     0x368c ./Core/Src/MCP23008.o
 .debug_macro   0x000000000001bc08      0x174 ./Core/Src/MCP23008.o
 .debug_macro   0x000000000001bd7c       0x5c ./Core/Src/MCP23008.o
 .debug_macro   0x000000000001bdd8      0x980 ./Core/Src/MCP23008.o
 .debug_macro   0x000000000001c758      0x9e9 ./Core/Src/MCP23008.o
 .debug_macro   0x000000000001d141      0x115 ./Core/Src/MCP23008.o
 .debug_macro   0x000000000001d256      0x13e ./Core/Src/MCP23008.o
 .debug_macro   0x000000000001d394       0xa5 ./Core/Src/MCP23008.o
 .debug_macro   0x000000000001d439      0x174 ./Core/Src/MCP23008.o
 .debug_macro   0x000000000001d5ad      0x287 ./Core/Src/MCP23008.o
 .debug_macro   0x000000000001d834       0x5f ./Core/Src/MCP23008.o
 .debug_macro   0x000000000001d893      0x236 ./Core/Src/MCP23008.o
 .debug_macro   0x000000000001dac9      0x40f ./Core/Src/MCP23008.o
 .debug_macro   0x000000000001ded8      0x122 ./Core/Src/MCP23008.o
 .debug_macro   0x000000000001dffa       0xa6 ./Core/Src/MCP23008.o
 .debug_macro   0x000000000001e0a0      0x12c ./Core/Src/MCP23008.o
 .debug_macro   0x000000000001e1cc      0x21e ./Core/Src/MCP23008.o
 .debug_macro   0x000000000001e3ea       0x2e ./Core/Src/MCP23008.o
 .debug_macro   0x000000000001e418      0x1b5 ./Core/Src/MCP23008.o
 .debug_macro   0x000000000001e5cd       0xd6 ./Core/Src/MCP23008.o
 .debug_macro   0x000000000001e6a3      0x127 ./Core/Src/MCP23008.o
 .debug_macro   0x000000000001e7ca       0x7e ./Core/Src/MCP23008.o
 .debug_macro   0x000000000001e848       0x89 ./Core/Src/MCP23008.o
 .debug_macro   0x000000000001e8d1      0x225 ./Core/Src/MCP23008.o
 .debug_macro   0x000000000001eaf6      0x8ed ./Core/Src/MCP23008.o
 .debug_macro   0x000000000001f3e3       0x4d ./Core/Src/MCP23008.o
 .debug_macro   0x000000000001f430      0x12d ./Core/Src/MCP23008.o
 .debug_macro   0x000000000001f55d      0x22e ./Core/Src/main.o
 .debug_macro   0x000000000001f78b       0x34 ./Core/Src/main.o
 .debug_macro   0x000000000001f7bf       0x16 ./Core/Src/main.o
 .debug_macro   0x000000000001f7d5      0x215 ./Core/Src/stm32f4xx_hal_msp.o
 .debug_macro   0x000000000001f9ea      0x21f ./Core/Src/stm32f4xx_it.o
 .debug_macro   0x000000000001fc09      0x206 ./Core/Src/system_stm32f4xx.o
 .debug_macro   0x000000000001fe0f      0x266 ./Drivers/STM32F4xx_HAL_Driver/Src/stm32f4xx_hal.o
 .debug_macro   0x0000000000020075      0x215 ./Drivers/STM32F4xx_HAL_Driver/Src/stm32f4xx_hal_can.o
 .debug_macro   0x000000000002028a      0x206 ./Drivers/STM32F4xx_HAL_Driver/Src/stm32f4xx_hal_cortex.o
 .debug_macro   0x0000000000020490      0x207 ./Drivers/STM32F4xx_HAL_Driver/Src/stm32f4xx_hal_dac.o
 .debug_macro   0x0000000000020697      0x206 ./Drivers/STM32F4xx_HAL_Driver/Src/stm32f4xx_hal_dac_ex.o
 .debug_macro   0x000000000002089d      0x20c ./Drivers/STM32F4xx_HAL_Driver/Src/stm32f4xx_hal_gpio.o
 .debug_macro   0x0000000000020aa9      0x254 ./Drivers/STM32F4xx_HAL_Driver/Src/stm32f4xx_hal_i2c.o
 .debug_macro   0x0000000000020cfd      0x22a ./Drivers/STM32F4xx_HAL_Driver/Src/stm32f4xx_hal_rcc.o
 .debug_macro   0x0000000000020f27      0x215 ./Drivers/STM32F4xx_HAL_Driver/Src/stm32f4xx_hal_spi.o
 .debug_macro   0x000000000002113c      0x207 ./Drivers/STM32F4xx_HAL_Driver/Src/stm32f4xx_hal_tim.o
 .debug_macro   0x0000000000021343      0x206 ./Drivers/STM32F4xx_HAL_Driver/Src/stm32f4xx_hal_tim_ex.o

.debug_line     0x0000000000000000    0x13481
 .debug_line    0x0000000000000000      0x8e9 ./Core/Src/MCP23008.o
 .debug_line    0x00000000000008e9      0xac1 ./Core/Src/main.o
 .debug_line    0x00000000000013aa      0x936 ./Core/Src/stm32f4xx_hal_msp.o
 .debug_line    0x0000000000001ce0      0x8a2 ./Core/Src/stm32f4xx_it.o
 .debug_line    0x0000000000002582      0x848 ./Core/Src/system_stm32f4xx.o
 .debug_line    0x0000000000002dca       0x7a ./Core/Startup/startup_stm32f407vgtx.o
 .debug_line    0x0000000000002e44      0xaae ./Drivers/STM32F4xx_HAL_Driver/Src/stm32f4xx_hal.o
 .debug_line    0x00000000000038f2     0x1225 ./Drivers/STM32F4xx_HAL_Driver/Src/stm32f4xx_hal_can.o
 .debug_line    0x0000000000004b17      0xd7a ./Drivers/STM32F4xx_HAL_Driver/Src/stm32f4xx_hal_cortex.o
 .debug_line    0x0000000000005891      0xc22 ./Drivers/STM32F4xx_HAL_Driver/Src/stm32f4xx_hal_dac.o
 .debug_line    0x00000000000064b3      0xa0c ./Drivers/STM32F4xx_HAL_Driver/Src/stm32f4xx_hal_dac_ex.o
 .debug_line    0x0000000000006ebf      0xc22 ./Drivers/STM32F4xx_HAL_Driver/Src/stm32f4xx_hal_gpio.o
 .debug_line    0x0000000000007ae1     0x3b10 ./Drivers/STM32F4xx_HAL_Driver/Src/stm32f4xx_hal_i2c.o
 .debug_line    0x000000000000b5f1      0xe27 ./Drivers/STM32F4xx_HAL_Driver/Src/stm32f4xx_hal_rcc.o
 .debug_line    0x000000000000c418     0x1d85 ./Drivers/STM32F4xx_HAL_Driver/Src/stm32f4xx_hal_spi.o
 .debug_line    0x000000000000e19d     0x383a ./Drivers/STM32F4xx_HAL_Driver/Src/stm32f4xx_hal_tim.o
 .debug_line    0x00000000000119d7     0x1aaa ./Drivers/STM32F4xx_HAL_Driver/Src/stm32f4xx_hal_tim_ex.o

.debug_str      0x0000000000000000    0xcd45a
 .debug_str     0x0000000000000000    0xc85a5 ./Core/Src/MCP23008.o
                                      0xc8887 (size before relaxing)
 .debug_str     0x00000000000c85a5      0xe61 ./Core/Src/main.o
                                      0xc96dd (size before relaxing)
 .debug_str     0x00000000000c9406      0x602 ./Core/Src/stm32f4xx_hal_msp.o
                                      0xc9768 (size before relaxing)
 .debug_str     0x00000000000c9a08      0x103 ./Core/Src/stm32f4xx_it.o
                                      0xc8a3f (size before relaxing)
 .debug_str     0x00000000000c9b0b       0xdb ./Core/Src/system_stm32f4xx.o
                                      0xc8415 (size before relaxing)
 .debug_str     0x00000000000c9be6       0x34 ./Core/Startup/startup_stm32f407vgtx.o
                                         0x78 (size before relaxing)
 .debug_str     0x00000000000c9c1a      0x603 ./Drivers/STM32F4xx_HAL_Driver/Src/stm32f4xx_hal.o
                                      0xc8f99 (size before relaxing)
 .debug_str     0x00000000000ca21d      0x583 ./Drivers/STM32F4xx_HAL_Driver/Src/stm32f4xx_hal_can.o
                                      0xc8b0f (size before relaxing)
 .debug_str     0x00000000000ca7a0      0x34e ./Drivers/STM32F4xx_HAL_Driver/Src/stm32f4xx_hal_cortex.o
                                      0xc8ce3 (size before relaxing)
 .debug_str     0x00000000000caaee      0x217 ./Drivers/STM32F4xx_HAL_Driver/Src/stm32f4xx_hal_dac.o
                                      0xc8897 (size before relaxing)
 .debug_str     0x00000000000cad05      0x13b ./Drivers/STM32F4xx_HAL_Driver/Src/stm32f4xx_hal_dac_ex.o
                                      0xc8772 (size before relaxing)
 .debug_str     0x00000000000cae40      0x121 ./Drivers/STM32F4xx_HAL_Driver/Src/stm32f4xx_hal_gpio.o
                                      0xc8590 (size before relaxing)
 .debug_str     0x00000000000caf61      0xb0b ./Drivers/STM32F4xx_HAL_Driver/Src/stm32f4xx_hal_i2c.o
                                      0xc9433 (size before relaxing)
 .debug_str     0x00000000000cba6c      0x213 ./Drivers/STM32F4xx_HAL_Driver/Src/stm32f4xx_hal_rcc.o
                                      0xc8849 (size before relaxing)
 .debug_str     0x00000000000cbc7f      0x538 ./Drivers/STM32F4xx_HAL_Driver/Src/stm32f4xx_hal_spi.o
                                      0xc8cd9 (size before relaxing)
 .debug_str     0x00000000000cc1b7      0xe10 ./Drivers/STM32F4xx_HAL_Driver/Src/stm32f4xx_hal_tim.o
                                      0xc979f (size before relaxing)
 .debug_str     0x00000000000ccfc7      0x493 ./Drivers/STM32F4xx_HAL_Driver/Src/stm32f4xx_hal_tim_ex.o
                                      0xc8fab (size before relaxing)

.debug_frame    0x0000000000000000     0x48f0
 .debug_frame   0x0000000000000000       0xc8 ./Core/Src/MCP23008.o
 .debug_frame   0x00000000000000c8      0x16c ./Core/Src/main.o
 .debug_frame   0x0000000000000234      0x1a4 ./Core/Src/stm32f4xx_hal_msp.o
 .debug_frame   0x00000000000003d8      0x120 ./Core/Src/stm32f4xx_it.o
 .debug_frame   0x00000000000004f8       0x58 ./Core/Src/system_stm32f4xx.o
 .debug_frame   0x0000000000000550      0x374 ./Drivers/STM32F4xx_HAL_Driver/Src/stm32f4xx_hal.o
 .debug_frame   0x00000000000008c4      0x5a0 ./Drivers/STM32F4xx_HAL_Driver/Src/stm32f4xx_hal_can.o
 .debug_frame   0x0000000000000e64      0x4b8 ./Drivers/STM32F4xx_HAL_Driver/Src/stm32f4xx_hal_cortex.o
 .debug_frame   0x000000000000131c      0x338 ./Drivers/STM32F4xx_HAL_Driver/Src/stm32f4xx_hal_dac.o
 .debug_frame   0x0000000000001654      0x20c ./Drivers/STM32F4xx_HAL_Driver/Src/stm32f4xx_hal_dac_ex.o
 .debug_frame   0x0000000000001860      0x14c ./Drivers/STM32F4xx_HAL_Driver/Src/stm32f4xx_hal_gpio.o
 .debug_frame   0x00000000000019ac      0xc84 ./Drivers/STM32F4xx_HAL_Driver/Src/stm32f4xx_hal_i2c.o
 .debug_frame   0x0000000000002630      0x1f4 ./Drivers/STM32F4xx_HAL_Driver/Src/stm32f4xx_hal_rcc.o
 .debug_frame   0x0000000000002824      0x828 ./Drivers/STM32F4xx_HAL_Driver/Src/stm32f4xx_hal_spi.o
 .debug_frame   0x000000000000304c     0x11c0 ./Drivers/STM32F4xx_HAL_Driver/Src/stm32f4xx_hal_tim.o
 .debug_frame   0x000000000000420c      0x638 ./Drivers/STM32F4xx_HAL_Driver/Src/stm32f4xx_hal_tim_ex.o
 .debug_frame   0x0000000000004844       0x20 C:/ST/STM32CubeIDE_1.14.0/STM32CubeIDE/plugins/com.st.stm32cube.ide.mcu.externaltools.gnu-tools-for-stm32.11.3.rel1.win32_1.1.100.202309141235/tools/bin/../lib/gcc/arm-none-eabi/11.3.1/../../../../arm-none-eabi/lib/thumb/v7e-m+fp/hard\libc_nano.a(libc_a-memset.o)
 .debug_frame   0x0000000000004864       0x2c C:/ST/STM32CubeIDE_1.14.0/STM32CubeIDE/plugins/com.st.stm32cube.ide.mcu.externaltools.gnu-tools-for-stm32.11.3.rel1.win32_1.1.100.202309141235/tools/bin/../lib/gcc/arm-none-eabi/11.3.1/../../../../arm-none-eabi/lib/thumb/v7e-m+fp/hard\libc_nano.a(libc_a-init.o)
 .debug_frame   0x0000000000004890       0x2c C:/ST/STM32CubeIDE_1.14.0/STM32CubeIDE/plugins/com.st.stm32cube.ide.mcu.externaltools.gnu-tools-for-stm32.11.3.rel1.win32_1.1.100.202309141235/tools/bin/../lib/gcc/arm-none-eabi/11.3.1/thumb/v7e-m+fp/hard\libgcc.a(_aeabi_uldivmod.o)
 .debug_frame   0x00000000000048bc       0x34 C:/ST/STM32CubeIDE_1.14.0/STM32CubeIDE/plugins/com.st.stm32cube.ide.mcu.externaltools.gnu-tools-for-stm32.11.3.rel1.win32_1.1.100.202309141235/tools/bin/../lib/gcc/arm-none-eabi/11.3.1/thumb/v7e-m+fp/hard\libgcc.a(_udivmoddi4.o)

.debug_line_str
                0x0000000000000000       0x6c
 .debug_line_str
                0x0000000000000000       0x6c ./Core/Startup/startup_stm32f407vgtx.o
                                         0x84 (size before relaxing)
