../Core/Src/main.c:109:5:main	48	static
../Core/Src/main.c:171:6:SystemClock_Config	88	static
../Core/Src/main.c:217:13:MX_CAN1_Init	8	static
../Core/Src/main.c:254:13:MX_DAC_Init	16	static
../Core/Src/main.c:301:13:MX_I2C1_Init	8	static
../Core/Src/main.c:334:13:MX_SPI3_Init	8	static
../Core/Src/main.c:388:13:MX_TIM6_Init	16	static
../Core/Src/main.c:426:13:MX_GPIO_Init	56	static
../Core/Src/main.c:482:6:TO54_IOEXPANDERS_Init	8	static
../Core/Src/main.c:515:6:HAL_TIM_PeriodElapsedCallback	16	static
../Core/Src/main.c:523:6:TO54_UPDATE_ANALOG	16	static
../Core/Src/main.c:542:6:TO54_OVERCURRENT_ACTION	16	static
../Core/Src/main.c:558:6:TO54_ADC1_OVERCURRENT_ACTION	16	static
../Core/Src/main.c:590:6:TO54_ADC2_OVERCURRENT_ACTION	16	static
../Core/Src/main.c:623:6:TO54_ADC3_OVERCURRENT_ACTION	16	static
../Core/Src/main.c:655:6:TO54_CHECK_OVERCURRENT	16	static
../Core/Src/main.c:674:6:Error_Handler	4	static,ignoring_inline_asm
