../Core/Src/main.c:97:5:main	48	static
../Core/Src/main.c:156:6:SystemClock_Config	88	static
../Core/Src/main.c:202:13:MX_CAN1_Init	8	static
../Core/Src/main.c:239:13:MX_DAC_Init	16	static
../Core/Src/main.c:286:13:MX_I2C1_Init	8	static
../Core/Src/main.c:319:13:MX_SPI3_Init	8	static
../Core/Src/main.c:360:13:MX_TIM6_Init	16	static
../Core/Src/main.c:398:13:MX_GPIO_Init	56	static
../Core/Src/main.c:454:6:TO54_IOEXPANDERS_Init	8	static
../Core/Src/main.c:489:6:HAL_TIM_PeriodElapsedCallback	16	static
../Core/Src/main.c:502:6:Error_Handler	4	static,ignoring_inline_asm
